2026-06-15 02:08:56,287 [INFO] EVEZ Watchdog started
2026-06-15 02:08:56,290 [INFO] [openclaw-gateway] OK (3ms)
2026-06-15 02:08:56,293 [INFO] [clawbreak] OK (2ms)
2026-06-15 02:08:56,295 [INFO] [vcl] OK (2ms)
2026-06-15 02:08:56,298 [INFO] [sentinel] OK (2ms)
2026-06-15 02:08:56,300 [INFO] [promptforge] OK (2ms)
2026-06-15 02:08:56,302 [INFO] [meshnet] OK (2ms)
2026-06-15 02:08:56,304 [INFO] [store] OK (2ms)
2026-06-15 02:09:56,307 [INFO] [openclaw-gateway] OK (3ms)
2026-06-15 02:09:56,310 [INFO] [clawbreak] OK (2ms)
2026-06-15 02:09:56,313 [INFO] [vcl] OK (3ms)
2026-06-15 02:09:56,315 [INFO] [sentinel] OK (2ms)
2026-06-15 02:09:56,317 [INFO] [promptforge] OK (2ms)
2026-06-15 02:09:56,319 [INFO] [meshnet] OK (2ms)
2026-06-15 02:09:56,322 [INFO] [store] OK (2ms)
2026-06-15 02:10:56,324 [INFO] [openclaw-gateway] OK (3ms)
2026-06-15 02:10:56,327 [INFO] [clawbreak] OK (2ms)
2026-06-15 02:10:56,329 [INFO] [vcl] OK (2ms)
2026-06-15 02:10:56,331 [INFO] [sentinel] OK (2ms)
2026-06-15 02:10:56,333 [INFO] [promptforge] OK (2ms)
2026-06-15 02:10:56,336 [INFO] [meshnet] OK (3ms)
2026-06-15 02:10:56,338 [INFO] [store] OK (2ms)
2026-06-15 02:11:56,342 [INFO] [openclaw-gateway] OK (3ms)
2026-06-15 02:11:56,345 [INFO] [clawbreak] OK (3ms)
2026-06-15 02:11:56,348 [INFO] [vcl] OK (3ms)
2026-06-15 02:11:56,350 [INFO] [sentinel] OK (2ms)
2026-06-15 02:11:56,352 [INFO] [promptforge] OK (2ms)
2026-06-15 02:11:56,355 [INFO] [meshnet] OK (2ms)
2026-06-15 02:11:56,357 [INFO] [store] OK (2ms)
2026-06-15 02:12:56,360 [INFO] [openclaw-gateway] OK (3ms)
2026-06-15 02:12:56,362 [INFO] [clawbreak] OK (2ms)
2026-06-15 02:12:56,365 [INFO] [vcl] OK (2ms)
2026-06-15 02:12:56,367 [INFO] [sentinel] OK (2ms)
2026-06-15 02:12:56,369 [INFO] [promptforge] OK (2ms)
2026-06-15 02:12:56,371 [INFO] [meshnet] OK (2ms)
2026-06-15 02:12:56,373 [INFO] [store] OK (2ms)
2026-06-15 02:13:56,376 [INFO] [openclaw-gateway] OK (3ms)
2026-06-15 02:13:56,378 [INFO] [clawbreak] OK (2ms)
2026-06-15 02:13:56,382 [INFO] [vcl] OK (3ms)
2026-06-15 02:13:56,384 [INFO] [sentinel] OK (2ms)
2026-06-15 02:13:56,386 [INFO] [promptforge] OK (2ms)
2026-06-15 02:13:56,388 [INFO] [meshnet] OK (2ms)
2026-06-15 02:13:56,390 [INFO] [store] OK (2ms)
2026-06-15 02:14:56,394 [INFO] [openclaw-gateway] OK (4ms)
2026-06-15 02:14:56,397 [INFO] [clawbreak] OK (3ms)
2026-06-15 02:14:56,399 [INFO] [vcl] OK (2ms)
2026-06-15 02:14:56,402 [INFO] [sentinel] OK (2ms)
2026-06-15 02:14:56,405 [INFO] [promptforge] OK (3ms)
2026-06-15 02:14:56,407 [INFO] [meshnet] OK (2ms)
2026-06-15 02:14:56,409 [INFO] [store] OK (2ms)
2026-06-15 02:15:56,412 [INFO] [openclaw-gateway] OK (3ms)
2026-06-15 02:15:56,416 [INFO] [clawbreak] OK (2ms)
2026-06-15 02:15:56,418 [INFO] [vcl] OK (2ms)
2026-06-15 02:15:56,420 [INFO] [sentinel] OK (2ms)
2026-06-15 02:15:56,422 [INFO] [promptforge] OK (2ms)
2026-06-15 02:15:56,425 [INFO] [meshnet] OK (2ms)
2026-06-15 02:15:56,427 [INFO] [store] OK (2ms)
2026-06-15 02:16:56,434 [INFO] [openclaw-gateway] OK (7ms)
2026-06-15 02:16:56,441 [INFO] [clawbreak] OK (5ms)
2026-06-15 02:16:56,447 [INFO] [vcl] OK (6ms)
2026-06-15 02:16:56,453 [INFO] [sentinel] OK (5ms)
2026-06-15 02:16:56,456 [INFO] [promptforge] OK (4ms)
2026-06-15 02:16:56,462 [INFO] [meshnet] OK (5ms)
2026-06-15 02:16:56,467 [INFO] [store] OK (6ms)
2026-06-15 02:17:56,471 [INFO] [openclaw-gateway] OK (3ms)
2026-06-15 02:17:56,474 [INFO] [clawbreak] OK (3ms)
2026-06-15 02:17:56,477 [INFO] [vcl] OK (3ms)
2026-06-15 02:17:56,480 [INFO] [sentinel] OK (3ms)
2026-06-15 02:17:56,487 [INFO] [promptforge] OK (7ms)
2026-06-15 02:17:56,495 [INFO] [meshnet] OK (7ms)
2026-06-15 02:17:56,500 [INFO] [store] OK (4ms)
2026-06-15 02:18:56,503 [INFO] [openclaw-gateway] OK (3ms)
2026-06-15 02:18:56,506 [INFO] [clawbreak] OK (2ms)
2026-06-15 02:18:56,509 [INFO] [vcl] OK (3ms)
2026-06-15 02:18:56,512 [INFO] [sentinel] OK (2ms)
2026-06-15 02:18:56,514 [INFO] [promptforge] OK (2ms)
2026-06-15 02:18:56,516 [INFO] [meshnet] OK (2ms)
2026-06-15 02:18:56,518 [INFO] [store] OK (2ms)
2026-06-15 02:19:56,573 [INFO] [openclaw-gateway] OK (53ms)
2026-06-15 02:19:56,576 [INFO] [clawbreak] OK (2ms)
2026-06-15 02:19:56,578 [INFO] [vcl] OK (2ms)
2026-06-15 02:19:56,581 [INFO] [sentinel] OK (2ms)
2026-06-15 02:19:56,583 [INFO] [promptforge] OK (2ms)
2026-06-15 02:19:56,586 [INFO] [meshnet] OK (3ms)
2026-06-15 02:19:56,587 [INFO] [store] OK (2ms)
2026-06-15 02:20:56,600 [INFO] [openclaw-gateway] OK (11ms)
2026-06-15 02:20:56,602 [INFO] [clawbreak] OK (3ms)
2026-06-15 02:20:56,605 [INFO] [vcl] OK (2ms)
2026-06-15 02:20:56,607 [INFO] [sentinel] OK (2ms)
2026-06-15 02:20:56,608 [INFO] [promptforge] OK (2ms)
2026-06-15 02:20:56,610 [INFO] [meshnet] OK (2ms)
2026-06-15 02:20:56,612 [INFO] [store] OK (2ms)
